main.c:143:5:main	8	static
main.c:248:6:SystemClock_Config	88	static
main.c:288:13:MX_ADC1_Init	24	static
main.c:338:13:MX_CAN1_Init	8	static
main.c:375:13:MX_I2C1_Init	8	static
main.c:409:13:MX_I2C2_Init	8	static
main.c:443:13:MX_SPI1_Init	8	static
main.c:481:13:MX_SPI2_Init	8	static
main.c:519:13:MX_UART4_Init	8	static
main.c:550:13:MX_DMA_Init	16	static
main.c:590:13:MX_GPIO_Init	48	static
main.c:631:6:StartDefaultTask	16	static
main.c:649:6:StartI2CTask	16	static
main.c:667:6:StartSPITask	16	static
main.c:685:6:StartCANTask	16	static
main.c:703:6:StartUARTTask	16	static
main.c:718:6:Error_Handler	4	static,ignoring_inline_asm
