stm32f4xx_it.c:85:6:NMI_Handler	4	static
stm32f4xx_it.c:100:6:HardFault_Handler	4	static
stm32f4xx_it.c:115:6:MemManage_Handler	4	static
stm32f4xx_it.c:130:6:BusFault_Handler	4	static
stm32f4xx_it.c:145:6:UsageFault_Handler	4	static
stm32f4xx_it.c:160:6:DebugMon_Handler	4	static
stm32f4xx_it.c:173:6:SysTick_Handler	8	static
stm32f4xx_it.c:202:6:DMA1_Stream0_IRQHandler	8	static
stm32f4xx_it.c:216:6:DMA1_Stream2_IRQHandler	8	static
stm32f4xx_it.c:230:6:DMA1_Stream3_IRQHandler	8	static
stm32f4xx_it.c:244:6:DMA1_Stream4_IRQHandler	8	static
stm32f4xx_it.c:258:6:DMA1_Stream6_IRQHandler	8	static
stm32f4xx_it.c:272:6:CAN1_TX_IRQHandler	8	static
stm32f4xx_it.c:286:6:CAN1_RX0_IRQHandler	8	static
stm32f4xx_it.c:300:6:I2C1_EV_IRQHandler	8	static
stm32f4xx_it.c:314:6:I2C1_ER_IRQHandler	8	static
stm32f4xx_it.c:328:6:I2C2_EV_IRQHandler	8	static
stm32f4xx_it.c:342:6:SPI1_IRQHandler	8	static
stm32f4xx_it.c:356:6:SPI2_IRQHandler	8	static
stm32f4xx_it.c:370:6:DMA1_Stream7_IRQHandler	8	static
stm32f4xx_it.c:384:6:UART4_IRQHandler	8	static
stm32f4xx_it.c:398:6:DMA2_Stream0_IRQHandler	8	static
stm32f4xx_it.c:412:6:DMA2_Stream3_IRQHandler	8	static
